MAIN_TS_LOADED
WHEN_READY_START
WHEN_READY_CRED_STORE_DONE
WHEN_READY_FIREWALL_DONE
WHEN_READY_CATALOG_DONE
WHEN_READY_SMOKE_PROV_DONE
WHEN_READY_PROVIDER_CONNECTIONS_DONE
WHEN_READY_CREDS_LOADED
WHEN_READY_MODELS_REGISTERED
RUNTIME_METADATA_PREVIOUS_missing
WHEN_READY_DBPATH_G:\CodeForge\apps\desktop\release\smoke-user-data\codeforge.db
CREATE_WINDOW_START
WINDOW_CONSTRUCTED t=1790653969780
WHEN_READY_WINDOW_CREATED
INIT_SERVER_START
INIT_SERVER_HAS_CREDS_true
INIT_SERVER_INSTANCE_CREATED
RUNTIME_ENDPOINT_63681
RUNTIME_METADATA_G:\CodeForge\apps\desktop\release\smoke-user-data\runtime.json
INIT_SERVER_STARTED
WHEN_READY_SERVER_INITIALIZED
CONTROL_PLANE_BEARER_FILTER_http://127.0.0.1:63681
LOAD_FILE_G:\CodeForge\apps\desktop\release\win-unpacked\resources\app.asar\apps\desktop\dist\renderer\index.html
RENDERER_LIFECYCLE preload-entry 1790653969973
RENDERER_LIFECYCLE preload-bridge-ready 1790653969974
RENDERER_LIFECYCLE bootstrap 1790653970018
RENDERER_DOM_READY t=1790653970021
RENDERER_DID_FRAME_FINISH_LOAD t=1790653970022
RENDERER_DID_FINISH_LOAD t=1790653970022
WINDOW_CONTENT_LOADED
WHEN_READY_LAUNCHING_SMOKE
WAIT_RENDERER_START
RENDERER_DID_STOP_LOADING t=1790653970025
WAIT_RENDERER_FRAME_LOADED t=1790653970026
WINDOW_READY_TO_SHOW t=1790653970026
WINDOW_STATE_AFTER_SHOW={"t":1790653970074,"bounds":{"x":68,"y":24,"width":1400,"height":816},"isVisible":true,"isMinimized":false,"isFocused":true,"isDestroyed":false,"isLoading":false,"isLoadingMainFrame":false,"isCrashed":false,"url":"file:///G:/CodeForge/apps/desktop/release/win-unpacked/resources/app.asar/apps/desktop/dist/renderer/index.html","rendererOsPid":20640,"rendererProcessId":4}
RENDERER_LIFECYCLE root-mounted 1790653970046
RENDERER_LIFECYCLE first-frame 1790653970048
PACKAGED_STARTUP=PASS
FORGEGREEN_RUNTIME=PASS
EIGHT_BIT_RUNTIME=PASS
CLOUD_DB_PACKAGED_RUNTIME=PASS
smoke_mode=live-task
smoke_run_id=3195c1c6-735b-47bd-9f98-0dbf88005950
electron_version=44.4.1
electron_node_version=24.21.0
app_is_packaged=true
RENDERER_LIFECYCLE workspace-root 1790653970380
RENDERER_LIFECYCLE runtime-connected 1790653970799
RENDERER_LIFECYCLE workspace-interactive 1790653970799
packaged_live_free_models=20
packaged_live_model_select=200
TASK_TERMINAL_PHASE_blocked_SUMMARY__ERROR_
packaged_live_task_phase=blocked
packaged_live_task_file_correct=true
packaged_live_task=BLOCKED
CONTROL_PLANE_BEARER_WITHHELD wc=1 frame=file:///G:/CodeForge/apps/desktop/release/win-unpacked/resources/app.asar/apps/desktop/dist/renderer/index.html url=http://127.0.0.1:63681/api/sessions/default
CONTROL_PLANE_BEARER_WITHHELD wc=none frame=none url=http://127.0.0.1:63681/api/sessions
